[html.vikinglab.agency/saasi/index.html]
[backblue.gif]
[fade.gif]
[index.html]
[html.vikinglab.agency/saasi/assets/img/logo/fav-icon.png]
[html.vikinglab.agency/saasi/assets/css/bootstrap.min.css]
[html.vikinglab.agency/saasi/assets/css/magnific-popup.css]
[html.vikinglab.agency/saasi/assets/css/swiper-bundle.min.css]
[html.vikinglab.agency/saasi/assets/css/nice-select.css]
[html.vikinglab.agency/saasi/assets/css/aos.css]
[html.vikinglab.agency/saasi/assets/css/fontawesome-pro.css]
[html.vikinglab.agency/saasi/assets/css/odometer-theme-default.min.css]
[html.vikinglab.agency/saasi/assets/css/style.css]
[html.vikinglab.agency/saasi/assets/img/preloader/vl-preloader-1.1.png]
[html.vikinglab.agency/saasi/assets/img/logo/logo-white.png]
[html.vikinglab.agency/saasi/index-2.html]
[html.vikinglab.agency/saasi/index-3.html]
[html.vikinglab.agency/saasi/index-4.html]
[html.vikinglab.agency/saasi/index-5.html]
[html.vikinglab.agency/saasi/index-6.html]
[html.vikinglab.agency/saasi/index-7.html]
[html.vikinglab.agency/saasi/index-8.html]
[html.vikinglab.agency/saasi/index-9.html]
[html.vikinglab.agency/saasi/index-10.html]
[html.vikinglab.agency/saasi/about.html]
[html.vikinglab.agency/saasi/feature.html]
[html.vikinglab.agency/saasi/pricing.html]
[html.vikinglab.agency/saasi/blog.html]
[html.vikinglab.agency/saasi/blog-details.html]
[html.vikinglab.agency/saasi/blog-single.html]
[html.vikinglab.agency/saasi/team.html]
[html.vikinglab.agency/saasi/Integration.html]
[html.vikinglab.agency/saasi/contact.html]
[html.vikinglab.agency/saasi/registation.html]
[html.vikinglab.agency/saasi/login.html]
[html.vikinglab.agency/saasi/forgotpassword.html]
[html.vikinglab.agency/saasi/testimonial.html]
[html.vikinglab.agency/saasi/documentation.html]
[html.vikinglab.agency/saasi/404.html]
[html.vikinglab.agency/saasi/assets/img/icon/vl-arrowupright.svg]
[html.vikinglab.agency/saasi/assets/img/logo/logo-black.png]
[html.vikinglab.agency/saasi/assets/img/gallery/gallery-1.png]
[html.vikinglab.agency/saasi/assets/img/gallery/gallery-2.png]
[html.vikinglab.agency/saasi/assets/img/gallery/gallery-3.png]
[html.vikinglab.agency/saasi/assets/img/gallery/gallery-4.png]
[html.vikinglab.agency/saasi/assets/img/hrmanagement/banner/vl-banner-thumb1.1.png]
[html.vikinglab.agency/saasi/assets/img/hrmanagement/banner/vl-banner-bottom-shape1.1.png]
[html.vikinglab.agency/saasi/assets/img/hrmanagement/banner/vl-left-shape1.1.png]
[html.vikinglab.agency/saasi/assets/img/hrmanagement/banner/vl-right-shape1.1.png]
[html.vikinglab.agency/saasi/assets/img/hrmanagement/banner/vl-client-group-thumb1.1.png]
[html.vikinglab.agency/saasi/assets/img/icon/vl-star-icon1.1.svg]
[html.vikinglab.agency/saasi/assets/img/hrmanagement/banner/vl-thumb-shape-1.1.png]
[html.vikinglab.agency/saasi/assets/img/hrmanagement/banner/vl-thumb-shape-1.2.png]
[html.vikinglab.agency/saasi/assets/img/hrmanagement/banner/vl-banner-thumb-1.1.png]
[html.vikinglab.agency/saasi/assets/img/brand/vl-brand-1.1.png]
[html.vikinglab.agency/saasi/assets/img/brand/vl-brand-1.2.png]
[html.vikinglab.agency/saasi/assets/img/brand/vl-brand-1.3.png]
[html.vikinglab.agency/saasi/assets/img/brand/vl-brand-1.4.png]
[html.vikinglab.agency/saasi/assets/img/brand/vl-brand-1.5.png]
[html.vikinglab.agency/saasi/assets/img/icon/sub-title-icon1.1.svg]
[html.vikinglab.agency/saasi/assets/img/icon/vl-iconbox1.1.svg]
[html.vikinglab.agency/saasi/assets/img/icon/vl-iconbox1.2.svg]
[html.vikinglab.agency/saasi/assets/img/icon/vl-iconbox1.3.svg]
[html.vikinglab.agency/saasi/assets/img/hrmanagement/tab/vl-tab-dashbord.png]
[html.vikinglab.agency/saasi/assets/img/hrmanagement/tab/vl-tab-thumb-bg1.1.png]
[html.vikinglab.agency/saasi/assets/img/hrmanagement/service/vl-service-bg-1.1.png]
[html.vikinglab.agency/saasi/assets/img/hrmanagement/service/vl-service-thumb1.1.png]
[html.vikinglab.agency/saasi/assets/img/hrmanagement/service/vl-service-thumb1.2.png]
[html.vikinglab.agency/saasi/assets/img/hrmanagement/service/vl-service-thumb1.4.png]
[html.vikinglab.agency/saasi/assets/img/hrmanagement/service/vl-service-thumb1.3.png]
[html.vikinglab.agency/saasi/assets/img/hrmanagement/banner/vl-tab-circle-text1.1.png]
[html.vikinglab.agency/saasi/assets/img/hrmanagement/banner/vl-up-arrow.svg]
[html.vikinglab.agency/saasi/assets/img/hrmanagement/tab/vl-tab-thumb-iner-2.1.png]
[html.vikinglab.agency/saasi/assets/img/icon/vl-tab-icn1.1.svg]
[html.vikinglab.agency/saasi/assets/img/icon/vl-tab-icn1.2.svg]
[html.vikinglab.agency/saasi/assets/img/icon/vl-tab-icn1.3.svg]
[html.vikinglab.agency/saasi/assets/img/icon/vl-tab-icn1.4.svg]
[html.vikinglab.agency/saasi/assets/img/hrmanagement/tab/vl-intregrationbg.png]
[html.vikinglab.agency/saasi/assets/img/icon/sub-title-icon1.2.svg]
[html.vikinglab.agency/saasi/assets/img/hrmanagement/tab/vl-logo-thumb.png]
[html.vikinglab.agency/saasi/assets/img/hrmanagement/testimonial/vl-testimonial-auth-1.1.png]
[html.vikinglab.agency/saasi/assets/img/icon/vl-testimonial-quote1.1.svg]
[html.vikinglab.agency/saasi/assets/img/hrmanagement/testimonial/vl-testimonial-bg.png]
[html.vikinglab.agency/saasi/assets/img/hrmanagement/testimonial/vl-testimonial-auth-1.2.png]
[html.vikinglab.agency/saasi/assets/img/hrmanagement/testimonial/vl-testimonial-auth-1.3.png]
[html.vikinglab.agency/saasi/assets/img/hrmanagement/testimonial/vl-testimonial-auth-1.4.png]
[html.vikinglab.agency/saasi/assets/img/hrmanagement/cta/vl-cta-thumb-1.1.png]
[html.vikinglab.agency/saasi/assets/img/hrmanagement/cta/vl-cta-shape-left.png]
[html.vikinglab.agency/saasi/assets/img/hrmanagement/cta/vl-cta-shape-right.png]
[html.vikinglab.agency/saasi/assets/img/footer/vl-footer-bg.png]
[html.vikinglab.agency/saasi/assets/img/footer/vl-apple-store.png]
[html.vikinglab.agency/saasi/assets/img/footer/vl-misro-store.png]
[html.vikinglab.agency/saasi/assets/js/jquery-3.7.1.min.js]
[html.vikinglab.agency/saasi/assets/js/bootstrap.bundle.min.js]
[html.vikinglab.agency/saasi/assets/js/jquery.magnific-popup.min.js]
[html.vikinglab.agency/saasi/assets/js/swiper-bundle.min.js]
[html.vikinglab.agency/saasi/assets/js/nice-select.js]
[html.vikinglab.agency/saasi/assets/js/aos.js]
[html.vikinglab.agency/saasi/assets/js/fontawesome.min.js]
[html.vikinglab.agency/saasi/assets/js/plugin.js]
[html.vikinglab.agency/saasi/assets/js/gAnim.js]
[html.vikinglab.agency/saasi/assets/js/SmoothScroll.js]
[html.vikinglab.agency/saasi/assets/js/odometer.min.js]
[html.vikinglab.agency/saasi/assets/js/parallaxie.js]
[html.vikinglab.agency/saasi/assets/js/main.js]
[html.vikinglab.agency/saasi/index.html]
[html.vikinglab.agency/saasi/assets/css/bootstrap.min.css]
[html.vikinglab.agency/saasi/assets/css/magnific-popup.css]
[html.vikinglab.agency/saasi/assets/css/swiper-bundle.min.css]
[html.vikinglab.agency/saasi/assets/css/nice-select.css]
[html.vikinglab.agency/saasi/assets/css/aos.css]
[html.vikinglab.agency/saasi/assets/fonts/fa-brands-400.ttf]
[html.vikinglab.agency/saasi/assets/fonts/fa-duotone-900.woff2]
[html.vikinglab.agency/saasi/assets/fonts/fa-duotone-900.ttf]
[html.vikinglab.agency/saasi/assets/fonts/fa-light-300.woff2]
[html.vikinglab.agency/saasi/assets/fonts/fa-light-300.ttf]
[html.vikinglab.agency/saasi/assets/fonts/fa-regular-400.woff2]
[html.vikinglab.agency/saasi/assets/fonts/fa-solid-900.woff2]
[html.vikinglab.agency/saasi/assets/fonts/fa-regular-400.ttf]
[html.vikinglab.agency/saasi/assets/fonts/fa-solid-900.ttf]
[html.vikinglab.agency/saasi/assets/fonts/fa-thin-100.woff2]
[html.vikinglab.agency/saasi/assets/fonts/fa-thin-100.ttf]
[html.vikinglab.agency/saasi/assets/fonts/fa-brands-400.woff2]
[html.vikinglab.agency/saasi/assets/fonts/fa-v4compatibility.woff2]
[html.vikinglab.agency/saasi/assets/fonts/fa-v4compatibility.ttf]
[html.vikinglab.agency/saasi/assets/css/fontawesome-pro.css]
[html.vikinglab.agency/saasi/assets/css/odometer-theme-default.min.css]
[html.vikinglab.agency/saasi/assets/css/style.css]
[html.vikinglab.agency/saasi/assets/img/logo/fav-icon-1.2.png]
[html.vikinglab.agency/saasi/assets/img/preloader/vl-preloader-1.2.png]
[html.vikinglab.agency/saasi/assets/img/logo/vl-logo-2.1.png]
[html.vikinglab.agency/saasi/assets/img/projectmanagement/banner/vl-banner-bg-2.1.png]
[html.vikinglab.agency/saasi/assets/img/shape/vl-title-right-shape.svg]
[html.vikinglab.agency/saasi/assets/img/projectmanagement/banner/vl-banner-thunmb2.1.png]
[html.vikinglab.agency/saasi/assets/img/icon/vl-brhance.svg]
[html.vikinglab.agency/saasi/assets/img/icon/vl-dribble.svg]
[html.vikinglab.agency/saasi/assets/img/icon/vl-whap.svg]
[html.vikinglab.agency/saasi/assets/img/icon/vl-google.svg]
[html.vikinglab.agency/saasi/assets/img/icon/vl-upwrk.svg]
[html.vikinglab.agency/saasi/assets/img/brand/vl-brand-2.5.png]
[html.vikinglab.agency/saasi/index-2.html]
[html.vikinglab.agency/saasi/index-3.html]
[html.vikinglab.agency/saasi/index-4.html]
[html.vikinglab.agency/saasi/index-5.html]
[html.vikinglab.agency/saasi/index-6.html]
[html.vikinglab.agency/saasi/index-7.html]
[html.vikinglab.agency/saasi/index-8.html]
[html.vikinglab.agency/saasi/index-9.html]
[html.vikinglab.agency/saasi/index-10.html]
[html.vikinglab.agency/saasi/about.html]
[html.vikinglab.agency/saasi/feature.html]
[html.vikinglab.agency/saasi/pricing.html]
[html.vikinglab.agency/saasi/blog.html]
[html.vikinglab.agency/saasi/blog-details.html]
[html.vikinglab.agency/saasi/blog-single.html]
[html.vikinglab.agency/saasi/team.html]
[html.vikinglab.agency/saasi/Integration.html]
[html.vikinglab.agency/saasi/contact.html]
[html.vikinglab.agency/saasi/registation.html]
[html.vikinglab.agency/saasi/login.html]
[html.vikinglab.agency/saasi/forgotpassword.html]
[html.vikinglab.agency/saasi/testimonial.html]
[html.vikinglab.agency/saasi/documentation.html]
[html.vikinglab.agency/saasi/404.html]
[html.vikinglab.agency/saasi/assets/img/icon/vl-arrowupright.svg]
[html.vikinglab.agency/saasi/assets/img/icon/vl-star-icon1.1.svg]
[html.vikinglab.agency/saasi/assets/img/icon/sub-title-icon1.1.svg]
[html.vikinglab.agency/saasi/assets/img/icon/vl-iconbox1.1.svg]
[html.vikinglab.agency/saasi/assets/img/icon/vl-iconbox1.2.svg]
[html.vikinglab.agency/saasi/assets/img/icon/vl-iconbox1.3.svg]
[html.vikinglab.agency/saasi/assets/img/hrmanagement/banner/vl-up-arrow.svg]
[html.vikinglab.agency/saasi/assets/img/icon/vl-tab-icn1.1.svg]
[html.vikinglab.agency/saasi/assets/img/icon/vl-tab-icn1.2.svg]
[html.vikinglab.agency/saasi/assets/img/icon/vl-tab-icn1.3.svg]
[html.vikinglab.agency/saasi/assets/img/icon/vl-tab-icn1.4.svg]
[html.vikinglab.agency/saasi/assets/img/icon/sub-title-icon1.2.svg]
[html.vikinglab.agency/saasi/assets/img/icon/vl-testimonial-quote1.1.svg]
[html.vikinglab.agency/saasi/assets/js/jquery-3.7.1.min.js]
[html.vikinglab.agency/saasi/assets/js/bootstrap.bundle.min.js]
[html.vikinglab.agency/saasi/assets/js/jquery.magnific-popup.min.js]
[html.vikinglab.agency/saasi/e]
[html.vikinglab.agency/saasi/t.params.url]
[html.vikinglab.agency/saasi/assets/js/swiper-bundle.min.js]
[html.vikinglab.agency/saasi/assets/js/nice-select.js]
[html.vikinglab.agency/saasi/assets/js/aos.js]
[html.vikinglab.agency/saasi/assets/js/fontawesome.min.js]
[html.vikinglab.agency/saasi/Version/index.html]
[html.vikinglab.agency/saasi/assets/js/plugin.js]
[html.vikinglab.agency/saasi/dist/index.html]
[html.vikinglab.agency/saasi/${url}]
[html.vikinglab.agency/saasi/assets/js/gAnim.js]
[html.vikinglab.agency/saasi/assets/js/SmoothScroll.js]
[html.vikinglab.agency/saasi/assets/js/odometer.min.js]
[html.vikinglab.agency/saasi/assets/js/parallaxie.js]
[html.vikinglab.agency/saasi/assets/js/main.js]
[html.vikinglab.agency/saasi/assets/fonts/fa-duotone-900.html]
[html.vikinglab.agency/saasi/assets/fonts/fa-duotone-901.html]
[html.vikinglab.agency/saasi/assets/fonts/fa-light-300.html]
[html.vikinglab.agency/saasi/assets/fonts/fa-light-301.html]
[html.vikinglab.agency/saasi/assets/fonts/fa-thin-100.html]
[html.vikinglab.agency/saasi/assets/fonts/fa-thin-101.html]
[html.vikinglab.agency/saasi/assets/fonts/fa-v4compatibility.html]
[html.vikinglab.agency/saasi/assets/fonts/fa-v4compatibility-2.html]
[html.vikinglab.agency/saasi/assets/img/shape/vl-title-right-shape.svg]
[html.vikinglab.agency/saasi/assets/img/icon/vl-brhance.svg]
[html.vikinglab.agency/saasi/assets/img/icon/vl-dribble.svg]
[html.vikinglab.agency/saasi/assets/img/icon/vl-whap.svg]
[html.vikinglab.agency/saasi/assets/img/icon/vl-google.svg]
[html.vikinglab.agency/saasi/assets/img/icon/vl-upwrk.svg]
[html.vikinglab.agency/saasi/assets/img/icon/vl-figma.html]
[html.vikinglab.agency/saasi/assets/img/icon/vl-fact-sm-ic2.1.html]
[html.vikinglab.agency/saasi/assets/img/icon/vl-check-2.1.html]
[html.vikinglab.agency/saasi/assets/img/projectmanagement/feature/vl-tab-thumb2.1.html]
[html.vikinglab.agency/saasi/assets/img/projectmanagement/tab/vl-tab-shape2.html]
[html.vikinglab.agency/saasi/assets/img/projectmanagement/project/vl-project-bg-2.1.html]
[html.vikinglab.agency/saasi/assets/img/shape/tilte-shape-white.html]
[html.vikinglab.agency/saasi/assets/img/shape/vl-choose-bg-shape2.html]
[html.vikinglab.agency/saasi/assets/img/shape/vl-project-angl1.html]
[html.vikinglab.agency/saasi/assets/img/shape/vl-project-angl2.html]
[html.vikinglab.agency/saasi/assets/img/projectmanagement/project/vl-project-bg-2.2.html]
[html.vikinglab.agency/saasi/assets/img/shape/vl-project-angl3.html]
[html.vikinglab.agency/saasi/assets/img/shape/vl-project-angl4.html]
[html.vikinglab.agency/saasi/assets/img/projectmanagement/feature/vl-fact-thumb2.1.html]
[html.vikinglab.agency/saasi/assets/img/projectmanagement/feature/vl-fact-thumb2.2.html]
[html.vikinglab.agency/saasi/assets/img/projectmanagement/tab/vl-tab-thumb-2.1.html]
[html.vikinglab.agency/saasi/assets/img/projectmanagement/tab/vl-line2.21.html]
[html.vikinglab.agency/saasi/assets/img/icon/vl-iconbox2.2.html]
[html.vikinglab.agency/saasi/assets/img/icon/vl-iconbox2.1.html]
[html.vikinglab.agency/saasi/assets/img/icon/vl-iconbox2.3.html]
[html.vikinglab.agency/saasi/assets/img/projectmanagement/testimonial/vl-testimonial-sm-thumb2.1.html]
[html.vikinglab.agency/saasi/assets/img/projectmanagement/brand/vl-testimonial-brand2.1.html]
[html.vikinglab.agency/saasi/assets/img/projectmanagement/testimonial/vl-testimonial-large-thumb2.1.html]
[html.vikinglab.agency/saasi/assets/img/brand/vl-brand-2.1.html]
[html.vikinglab.agency/saasi/assets/img/brand/vl-brand-2.2.html]
[html.vikinglab.agency/saasi/assets/img/brand/vl-brand-2.3.html]
[html.vikinglab.agency/saasi/assets/img/brand/vl-brand-2.4.html]
[html.vikinglab.agency/saasi/assets/img/brand/vl-brand-2.5.html]
[html.vikinglab.agency/saasi/assets/img/brand/vl-brand-2.6.html]
[html.vikinglab.agency/saasi/assets/img/brand/vl-brand-2.7.html]
[html.vikinglab.agency/saasi/assets/img/brand/vl-brand-2.8.html]
[html.vikinglab.agency/saasi/assets/img/brand/vl-brand-2.9.html]
[html.vikinglab.agency/saasi/assets/img/brand/vl-brand-2.10.html]
[html.vikinglab.agency/saasi/assets/img/projectmanagement/brand/vl-download2.1.html]
[html.vikinglab.agency/saasi/assets/img/projectmanagement/brand/vl-download2.2.html]
[html.vikinglab.agency/saasi/assets/img/projectmanagement/brand/vl-cta-logo-2.1.html]
[html.vikinglab.agency/saasi/assets/img/shape/vl-cta-shape.2.1.html]
[html.vikinglab.agency/saasi/assets/img/icon/footerup.html]
[html.vikinglab.agency/saasi/assets/img/icon/vl-apple3.1.html]
[html.vikinglab.agency/saasi/assets/img/vsoftware/hero/vl-herobg3.html]
[html.vikinglab.agency/saasi/assets/img/icon/vl-video-call.html]
[html.vikinglab.agency/saasi/assets/img/vsoftware/hero/vl-hero-thumb3.1.html]
[html.vikinglab.agency/saasi/assets/img/vsoftware/hero/bl-thumb-shape3.1.html]
[html.vikinglab.agency/saasi/assets/img/vsoftware/hero/bl-thumb-shape3.2.html]
[html.vikinglab.agency/saasi/assets/img/vsoftware/hero/bl-thumb-shape3.3.html]
[html.vikinglab.agency/saasi/assets/img/vsoftware/hero/vl-shape-3.1.html]
[html.vikinglab.agency/saasi/assets/img/vsoftware/hero/vl-shape-3.2.html]
[html.vikinglab.agency/saasi/assets/img/vsoftware/about/vl-about-3.1.html]
[html.vikinglab.agency/saasi/assets/img/vsoftware/about/vl-ab-shap3.1.html]
[html.vikinglab.agency/saasi/assets/img/icon/vl-ic3.1.html]
[html.vikinglab.agency/saasi/assets/img/icon/vl-largearrow3.1.html]
[html.vikinglab.agency/saasi/assets/img/icon/vl-ic3.2.html]
[html.vikinglab.agency/saasi/assets/img/icon/vl-ic3.3.html]
[html.vikinglab.agency/saasi/assets/img/icon/vl-ic3.4.html]
[html.vikinglab.agency/saasi/assets/img/icon/vl-service-icon-3.1.html]
[html.vikinglab.agency/saasi/assets/img/icon/vl-service-icon-3.2.html]
[html.vikinglab.agency/saasi/assets/img/icon/vl-service-icon-3.3.html]
[html.vikinglab.agency/saasi/assets/img/icon/vl-service-icon-3.4.html]
[html.vikinglab.agency/saasi/assets/img/icon/vl-service-icon-3.5.html]
[html.vikinglab.agency/saasi/assets/img/icon/vl-service-icon-3.6.html]
[html.vikinglab.agency/saasi/assets/img/icon/vl-feature-icon3.1.html]
[html.vikinglab.agency/saasi/assets/img/vsoftware/feature/vl-feature-thumb3.1.html]
[html.vikinglab.agency/saasi/assets/img/vsoftware/feature/vl-feature-shape-thumb3.1.html]
[html.vikinglab.agency/saasi/assets/img/vsoftware/feature/vl-feature-thumb3.2.html]
[html.vikinglab.agency/saasi/assets/img/vsoftware/feature/vl-feature-shape-thumb3.2.html]
[html.vikinglab.agency/saasi/assets/img/icon/vl-feature-icon3.2.html]
[html.vikinglab.agency/saasi/assets/img/icon/vl-feature-icon3.3.html]
[html.vikinglab.agency/saasi/assets/img/vsoftware/feature/vl-feature-thumb3.3.html]
[html.vikinglab.agency/saasi/assets/img/vsoftware/feature/vl-feature-shape-thumb3.3.html]
[html.vikinglab.agency/saasi/assets/img/icon/vl-star3.html]
[html.vikinglab.agency/saasi/assets/img/vsoftware/testimonial/vl-testimoniallarge-thumb3.1.html]
[html.vikinglab.agency/saasi/assets/img/icon/vl-quote3.1.html]
[html.vikinglab.agency/saasi/assets/img/icon/vl-review-3.1.html]
[html.vikinglab.agency/saasi/assets/img/vsoftware/testimonial/vl-test-sm-thumb3.3.html]
[html.vikinglab.agency/saasi/assets/img/brand/vl-brand-3.1.html]
[html.vikinglab.agency/saasi/assets/img/vsoftware/testimonial/vl-test-sm-thumb3.1.html]
[html.vikinglab.agency/saasi/assets/img/vsoftware/testimonial/vl-test-sm-thumb3.2.html]
[html.vikinglab.agency/saasi/assets/img/vsoftware/testimonial/vl-test-sm-thumb3.4.html]
[html.vikinglab.agency/saasi/assets/img/vsoftware/blog/vl-blog-thumb-3.1.html]
[html.vikinglab.agency/saasi/assets/img/icon/vl-user3.1.html]
[html.vikinglab.agency/saasi/assets/img/icon/vl-comment-3.1.html]
[html.vikinglab.agency/saasi/assets/img/vsoftware/blog/vl-blog-thumb-3.2.html]
[html.vikinglab.agency/saasi/assets/img/icon/vl-windows3.1.html]
[html.vikinglab.agency/saasi/assets/img/icon/vl-file3.1.html]
[html.vikinglab.agency/saasi/assets/img/icon/vl-chat3.1.html]
[html.vikinglab.agency/saasi/assets/img/icon/vl-hq3.1.html]
[html.vikinglab.agency/saasi/assets/img/logo/vl-logo-black3.2.html]
[html.vikinglab.agency/saasi/assets/img/preloader/vl-preloader-1.4.html]
[html.vikinglab.agency/saasi/assets/img/logo/vl-logo-4.1.html]
[html.vikinglab.agency/saasi/assets/img/seo/banner/vl-hero-bg-4.1.html]
[html.vikinglab.agency/saasi/assets/img/hrmanagement/banner/vl-left-shape11.1.html]
[html.vikinglab.agency/saasi/assets/img/hrmanagement/banner/vl-right-shape11.2.html]
[html.vikinglab.agency/saasi/assets/img/seo/banner/vl-hero-thumb4.1.html]
[html.vikinglab.agency/saasi/assets/img/seo/about/vl-bottom-shap4.1.html]
[html.vikinglab.agency/saasi/assets/img/brand/vl-brand-4.1.html]
[html.vikinglab.agency/saasi/assets/img/brand/vl-brand-4.2.html]
[html.vikinglab.agency/saasi/assets/img/brand/vl-brand-4.3.html]
[html.vikinglab.agency/saasi/assets/img/brand/vl-brand-4.4.html]
[html.vikinglab.agency/saasi/assets/img/brand/vl-brand-4.5.html]
[html.vikinglab.agency/saasi/assets/img/seo/fact/vl-fact-bg4.html]
[html.vikinglab.agency/saasi/assets/img/seo/about/vl-about-thumb4.1.html]
[html.vikinglab.agency/saasi/assets/img/seo/fact/vl-fact-bg-4.1.html]
[html.vikinglab.agency/saasi/assets/img/seo/fact/vl-fact-thumb4.1.html]
[html.vikinglab.agency/saasi/assets/img/seo/fact/vl-fact-thumb4.2.html]
[html.vikinglab.agency/saasi/assets/img/seo/fact/vl-fact-thumb4.3.html]
[html.vikinglab.agency/saasi/assets/img/seo/fact/vl-fact-thumb4.4.html]
[html.vikinglab.agency/saasi/assets/img/seo/fact/vl-fact-thumb4.5.html]
[html.vikinglab.agency/saasi/assets/img/icon/vl-service-circle-4.1.html]
[html.vikinglab.agency/saasi/assets/img/icon/vl-service-icon-4.1.html]
[html.vikinglab.agency/saasi/assets/img/icon/vl-service-icon-4.2.html]
[html.vikinglab.agency/saasi/assets/img/icon/vl-service-icon-4.3.html]
[html.vikinglab.agency/saasi/assets/img/seo/about/vl-marketing-bg-4.1.html]
[html.vikinglab.agency/saasi/assets/img/seo/about/vl-social-platform4.1.html]
[html.vikinglab.agency/saasi/assets/img/icon/vl-check4.1.html]
[html.vikinglab.agency/saasi/assets/img/seo/testimonial/vl-testimonialbvg-4.html]
[html.vikinglab.agency/saasi/assets/img/seo/testimonial/vl-text-circle.html]
[html.vikinglab.agency/saasi/assets/img/icon/vl-test-up-arrow.html]
[html.vikinglab.agency/saasi/assets/img/seo/testimonial/vl-testimonial-thumb4.1.html]
[html.vikinglab.agency/saasi/assets/img/seo/testimonial/vl-testimonial-thumb4.2.html]
[html.vikinglab.agency/saasi/assets/img/seo/testimonial/vl-testimonial-thumb4.3.html]
[html.vikinglab.agency/saasi/assets/img/seo/blog/vl-blog-shape4.1.html]
[html.vikinglab.agency/saasi/assets/img/seo/blog/vl-blog-thumb4.1.html]
[html.vikinglab.agency/saasi/assets/img/seo/blog/vl-blog-thumb4.2.html]
[html.vikinglab.agency/saasi/assets/img/seo/blog/vl-blog-thumb4.3.html]
[html.vikinglab.agency/saasi/assets/img/seo/cta/vl-footer-bg4.html]
[html.vikinglab.agency/saasi/assets/img/footer/vl-app-4.1.html]
[html.vikinglab.agency/saasi/assets/img/footer/vl-mic4.1.html]
[html.vikinglab.agency/saasi/assets/img/preloader/vl-preloader-1.5.html]
[html.vikinglab.agency/saasi/assets/img/logo/vl-logo-5.1.html]
[html.vikinglab.agency/saasi/assets/img/email/banner/vl-email-bg-5.1.html]
[html.vikinglab.agency/saasi/assets/img/shape/vl-left-shape5.1.html]
[html.vikinglab.agency/saasi/assets/img/shape/vl-left-shape5.2.html]
[html.vikinglab.agency/saasi/assets/img/email/banner/title-bg-1.7.html]
[html.vikinglab.agency/saasi/assets/img/email/banner/vl-banner-thumb-5.1.html]
[html.vikinglab.agency/saasi/assets/img/shape/vl-banner-shape5.1.html]
[html.vikinglab.agency/saasi/assets/img/shape/vl-cloud-shae-5.1.html]
[html.vikinglab.agency/saasi/assets/img/brand/vl-brand-5.1.html]
[html.vikinglab.agency/saasi/assets/img/brand/vl-brand-5.2.html]
[html.vikinglab.agency/saasi/assets/img/brand/vl-brand-5.3.html]
[html.vikinglab.agency/saasi/assets/img/brand/vl-brand-5.4.html]
[html.vikinglab.agency/saasi/assets/img/shape/vl-blur-shape5.1.html]
[html.vikinglab.agency/saasi/assets/img/email/banner/vl-tab-bg-5.1.html]
[html.vikinglab.agency/saasi/assets/img/email/banner/title-bg-1.html]
[html.vikinglab.agency/saasi/assets/img/icon/vl-tab-icon5.1.html]
[html.vikinglab.agency/saasi/assets/img/icon/vl-tab-icon5.4.html]
[html.vikinglab.agency/saasi/assets/img/icon/vl-tab-icon5.3.html]
[html.vikinglab.agency/saasi/assets/img/email/about/vl-tab-thumb-5.1.html]
[html.vikinglab.agency/saasi/assets/img/shape/vl-about-shape5.1.html]
[html.vikinglab.agency/saasi/assets/img/email/about/vl-about-thumb5.1.html]
[html.vikinglab.agency/saasi/assets/img/email/banner/title-bg-1.2.html]
[html.vikinglab.agency/saasi/assets/img/email/banner/vl-email-thumbg5.1.html]
[html.vikinglab.agency/saasi/assets/img/email/banner/title-bg-1.3.html]
[html.vikinglab.agency/saasi/assets/img/icon/vl-emai-camping-5.1.html]
[html.vikinglab.agency/saasi/assets/img/email/service/vl-emil-service-thumb5.1.html]
[html.vikinglab.agency/saasi/assets/img/icon/vl-emai-camping-5.2.html]
[html.vikinglab.agency/saasi/assets/img/email/service/vl-emil-service-thumb5.2.html]
[html.vikinglab.agency/saasi/assets/img/icon/vl-emai-camping-5.3.html]
[html.vikinglab.agency/saasi/assets/img/email/service/vl-emil-service-thumb5.3.html]
[html.vikinglab.agency/saasi/assets/img/email/banner/title-bg-1.4.html]
[html.vikinglab.agency/saasi/assets/img/email/about/vl-social-platform5.1.html]
[html.vikinglab.agency/saasi/assets/img/email/banner/title-bg-1.5.html]
[html.vikinglab.agency/saasi/assets/img/icon/vl-check5.1.html]
[html.vikinglab.agency/saasi/assets/img/icon/vl-check5.2.html]
[html.vikinglab.agency/saasi/assets/img/email/testimonila/vl-testimonialbg5.html]
[html.vikinglab.agency/saasi/assets/img/email/testimonila/vl-sm-thumb-marquee5.4.html]
[html.vikinglab.agency/saasi/assets/img/email/testimonila/vl-sm-thumb-marquee5.3.html]
[html.vikinglab.agency/saasi/assets/img/email/testimonila/vl-sm-thumb-marquee5.2.html]
[html.vikinglab.agency/saasi/assets/img/email/testimonila/vl-sm-thumb-marquee5.1.html]
[html.vikinglab.agency/saasi/assets/img/email/testimonila/vl-sm-thumb-marquee5.5.html]
[html.vikinglab.agency/saasi/assets/img/email/testimonila/vl-sm-thumb-marquee5.6.html]
[html.vikinglab.agency/saasi/assets/img/email/testimonila/vl-sm-thumb-marquee5.7.html]
[html.vikinglab.agency/saasi/assets/img/email/testimonila/vl-sm-thumb-marquee5.8.html]
[html.vikinglab.agency/saasi/assets/img/email/testimonila/vl-sm-thumb-marquee5.9.html]
[html.vikinglab.agency/saasi/assets/img/icon/vl-testi-5-icon.html]
[html.vikinglab.agency/saasi/assets/img/email/blog/vl-blog-5.1.html]
[html.vikinglab.agency/saasi/assets/img/email/banner/title-bg-1.6.html]
[html.vikinglab.agency/saasi/assets/img/email/blog/vl-blog-thumb5.1.html]
[html.vikinglab.agency/saasi/assets/img/email/blog/vl-blog-thumb5.2.html]
[html.vikinglab.agency/saasi/assets/img/email/blog/vl-blog-thumb5.3.html]
[html.vikinglab.agency/saasi/assets/img/email/cta/vl-cta-thumb5.1.html]
[html.vikinglab.agency/saasi/assets/img/footer/vl-footer-bg-5.1.html]
[html.vikinglab.agency/saasi/assets/img/logo/vl-logo6.1.html]
[html.vikinglab.agency/saasi/assets/img/mobile/banner/vl-banner-thumb-6.1.html]
[html.vikinglab.agency/saasi/assets/img/icon/sub-title-icon6.1.html]
[html.vikinglab.agency/saasi/assets/img/mobile/banner/vl-text-bg-shape6.1.html]
[html.vikinglab.agency/saasi/assets/img/brand/vl-apple-6.1.html]
[html.vikinglab.agency/saasi/assets/img/brand/vl-micro-6.1.html]
[html.vikinglab.agency/saasi/assets/img/mobile/banner/vl-logo-thumb-6.1.html]
[html.vikinglab.agency/saasi/assets/img/mobile/about/vl-about6.1.html]
[html.vikinglab.agency/saasi/assets/img/mobile/banner/vl-icon-boxbg-6.1.html]
[html.vikinglab.agency/saasi/assets/img/icon/vl-service-icon-6.1.html]
[html.vikinglab.agency/saasi/assets/img/mobile/about/large-thumb.html]
[html.vikinglab.agency/saasi/assets/img/icon/vl-service-icon-6.2.html]
[html.vikinglab.agency/saasi/assets/img/icon/vl-service-icon-6.3.html]
[html.vikinglab.agency/saasi/assets/img/icon/vl-service-icon-6.4.html]
[html.vikinglab.agency/saasi/assets/img/mobile/about/vl-authbox-bg6.html]
[html.vikinglab.agency/saasi/assets/img/mobile/about/vl-auth-thumb6.1.html]
[html.vikinglab.agency/saasi/assets/img/icon/vl-star-6.1.html]
[html.vikinglab.agency/saasi/assets/img/mobile/gallery/vl-gallery-thumb-6.1.html]
[html.vikinglab.agency/saasi/assets/img/mobile/gallery/vl-sm-ga-card-1.html]
[html.vikinglab.agency/saasi/assets/img/mobile/gallery/vl-gallery-thumb-sm-6.2.html]
[html.vikinglab.agency/saasi/assets/img/mobile/gallery/vl-gallery-shape6.1.html]
[html.vikinglab.agency/saasi/assets/img/mobile/gallery/vl-gallery-thumb-sm-6.3.html]
[html.vikinglab.agency/saasi/assets/img/icon/vl-sericon-6.1.html]
[html.vikinglab.agency/saasi/assets/img/icon/vl-sericon-6.2.html]
[html.vikinglab.agency/saasi/assets/img/icon/vl-sericon-6.3.html]
[html.vikinglab.agency/saasi/assets/img/mobile/work/vl-work-thumb-6.1.html]
[html.vikinglab.agency/saasi/assets/img/mobile/testimonial/vl-testimonial-bg-6.html]
[html.vikinglab.agency/saasi/assets/img/mobile/testimonial/vl-testimonial-thumb6.1.html]
[html.vikinglab.agency/saasi/assets/img/mobile/testimonial/vl-testimoal-center6.1.html]
[html.vikinglab.agency/saasi/assets/img/mobile/testimonial/vl-testimonial-sm-thumb-6.1.html]
[html.vikinglab.agency/saasi/assets/img/mobile/testimonial/vl-testimonial-sm-thumb-6.2.html]
[html.vikinglab.agency/saasi/assets/img/mobile/testimonial/vl-testimonial-sm-thumb-6.3.html]
[html.vikinglab.agency/saasi/assets/img/mobile/blog/vl-blog-thumb-6.1.html]
[html.vikinglab.agency/saasi/assets/img/mobile/blog/vl-blog-thumb-6.2.html]
[html.vikinglab.agency/saasi/assets/img/mobile/blog/vl-blog-thumb-6.3.html]
[html.vikinglab.agency/saasi/assets/img/mobile/cta/vl-cta-thumb6.1.html]
[html.vikinglab.agency/saasi/assets/img/mobile/cta/vl-cta-mobile.html]
[html.vikinglab.agency/saasi/assets/img/footer/apple-6.1.html]
[html.vikinglab.agency/saasi/assets/img/footer/miero-6.1.html]
[html.vikinglab.agency/saasi/assets/img/logo/fav-icon-1.7.html]
[html.vikinglab.agency/saasi/assets/img/preloader/vl-preloader-1.7.html]
[html.vikinglab.agency/saasi/assets/img/logo/vl-logo-7.1.html]
[html.vikinglab.agency/saasi/assets/img/social/banner/vl-banner-bg-7.1.html]
[html.vikinglab.agency/saasi/assets/img/social/banner/vl-banner-thumb7.1.html]
[html.vikinglab.agency/saasi/assets/img/social/banner/vl-man-thumb-absolute.html]
[html.vikinglab.agency/saasi/assets/img/social/banner/vl-home-shape7.1.html]
[html.vikinglab.agency/saasi/assets/img/social/banner/vl-home-shape7.2.html]
[html.vikinglab.agency/saasi/assets/img/social/banner/vl-arrow-sdhape7.1.html]
[html.vikinglab.agency/saasi/assets/img/social/banner/vl-arrow-sdhape7.2.html]
[html.vikinglab.agency/saasi/assets/img/social/feature/vl-feature-thumb-7.1.html]
[html.vikinglab.agency/saasi/assets/img/social/feature/vl-feature-sn-thumb7.1.html]
[html.vikinglab.agency/saasi/assets/img/social/banner/vl-social-appbg.html]
[html.vikinglab.agency/saasi/assets/img/social/banner/vl-social-thumb7.1.html]
[html.vikinglab.agency/saasi/assets/img/icon/vl-ser-icon-7.1.html]
[html.vikinglab.agency/saasi/assets/img/icon/vl-ser-icon-7.2.html]
[html.vikinglab.agency/saasi/assets/img/icon/vl-service-tab-icon-7.1.html]
[html.vikinglab.agency/saasi/assets/img/icon/vl-service-tab-icon-7.2.html]
[html.vikinglab.agency/saasi/assets/img/icon/vl-service-tab-icon-7.3.html]
[html.vikinglab.agency/saasi/assets/img/icon/vl-tab-subtitle-icon7.1.html]
[html.vikinglab.agency/saasi/assets/img/icon/vl-tab-ch-icon-7.1.html]
[html.vikinglab.agency/saasi/assets/img/social/banner/vl-chbox-thumb-7.1.html]
[html.vikinglab.agency/saasi/assets/img/social/banner/vl-chbox-thumb-sh-7.1.html]
[html.vikinglab.agency/saasi/assets/img/social/banner/vl-tab-thumb-shape7.1.html]
[html.vikinglab.agency/saasi/assets/img/social/banner/vl-top-cta-bg-7.1.html]
[html.vikinglab.agency/saasi/assets/img/social/banner/vl-top-circle-cta7.1.html]
[html.vikinglab.agency/saasi/assets/img/social/banner/vl-logo-social7.html]
[html.vikinglab.agency/saasi/assets/img/social/testimonial/vl-testimonial-bg-7.1.html]
[html.vikinglab.agency/saasi/assets/img/social/testimonial/vl-testimonial-thumb-7.1.html]
[html.vikinglab.agency/saasi/assets/img/icon/vl-review7.1.html]
[html.vikinglab.agency/saasi/assets/img/social/testimonial/vl-testimonial-thumb-sm-7.1.html]
[html.vikinglab.agency/saasi/assets/img/social/blog/vl-blog-thumb-7.1.html]
[html.vikinglab.agency/saasi/assets/img/icon/vl-date-icon-7.1.html]
[html.vikinglab.agency/saasi/assets/img/social/blog/vl-blog-thumb-7.2.html]
[html.vikinglab.agency/saasi/assets/img/social/blog/vl-blog-thumb-7.3.html]
[html.vikinglab.agency/saasi/assets/img/social/banner/vl-cta-bg7.1.html]
[html.vikinglab.agency/saasi/assets/img/footer/vl-app-7.1.html]
[html.vikinglab.agency/saasi/assets/img/footer/vl-mie-7.1.html]
[html.vikinglab.agency/saasi/assets/img/logo/fav-icon-1.8.html]
[html.vikinglab.agency/saasi/assets/img/preloader/vl-preloader-1.8.html]
[html.vikinglab.agency/saasi/assets/img/logo/vl-logo8.1.html]
[html.vikinglab.agency/saasi/assets/img/timetracker/banner/vl-banner-bg8.html]
[html.vikinglab.agency/saasi/assets/img/icon/vl-sub-title-icon8.1.html]
[html.vikinglab.agency/saasi/assets/img/timetracker/banner/vl-app-store8.1.html]
[html.vikinglab.agency/saasi/assets/img/timetracker/banner/vl-micro-8.1.html]
[html.vikinglab.agency/saasi/assets/img/timetracker/banner/vl-award-thumb8.1.html]
[html.vikinglab.agency/saasi/assets/img/timetracker/banner/vl-banner-thumb8.1.html]
[html.vikinglab.agency/saasi/assets/img/timetracker/banner/vl-banner-shape-bottom-8.1.html]
[html.vikinglab.agency/saasi/assets/img/brand/vl-brand-8.1.html]
[html.vikinglab.agency/saasi/assets/img/brand/vl-brand-8.2.html]
[html.vikinglab.agency/saasi/assets/img/brand/vl-brand-8.3.html]
[html.vikinglab.agency/saasi/assets/img/brand/vl-brand-8.4.html]
[html.vikinglab.agency/saasi/assets/img/brand/vl-brand-8.5.html]
[html.vikinglab.agency/saasi/assets/img/icon/vl-subtitle-icon8.1.html]
[html.vikinglab.agency/saasi/assets/img/timetracker/service/vl-service-thumb-8.1.html]
[html.vikinglab.agency/saasi/assets/img/timetracker/service/vl-service-thumb-8.2.html]
[html.vikinglab.agency/saasi/assets/img/timetracker/service/vl-service-thumb-8.3.html]
[html.vikinglab.agency/saasi/assets/img/timetracker/banner/vl-tracking-bg8.1.html]
[html.vikinglab.agency/saasi/assets/img/icon/vl-fact-8.1.html]
[html.vikinglab.agency/saasi/assets/img/timetracker/feature/vl-feature-thumb8.1.html]
[html.vikinglab.agency/saasi/assets/img/icon/vl-service-tab-icon-8.1.html]
[html.vikinglab.agency/saasi/assets/img/icon/vl-service-tab-icon-8.2.html]
[html.vikinglab.agency/saasi/assets/img/icon/vl-service-tab-icon-8.3.html]
[html.vikinglab.agency/saasi/assets/img/timetracker/banner/vl-tab-bg-8.1.html]
[html.vikinglab.agency/saasi/assets/img/icon/vl-tab-ch-icon-8.1.html]
[html.vikinglab.agency/saasi/assets/img/timetracker/banner/vl-chbox-thumb-8.1.html]
[html.vikinglab.agency/saasi/assets/img/icon/vl-pricing-check8.1.html]
[html.vikinglab.agency/saasi/assets/img/timetracker/banner/vl-testimonial-bg-8.1.html]
[html.vikinglab.agency/saasi/assets/img/timetracker/testimonial/vl-testimonial-thumb8.1.html]
[html.vikinglab.agency/saasi/assets/img/icon/vl-testimonioal-ic-8.1.html]
[html.vikinglab.agency/saasi/assets/img/timetracker/testimonial/vl-testimonial-quote-8.1.html]
[html.vikinglab.agency/saasi/assets/img/timetracker/testimonial/vl-testimonial-thumb-sm-8.1.html]
[html.vikinglab.agency/saasi/assets/img/timetracker/testimonial/vl-testimonial-brand-8.1.html]
[html.vikinglab.agency/saasi/assets/img/timetracker/testimonial/vl-testimonial-thumb-sm-8.2.html]
[html.vikinglab.agency/saasi/assets/img/timetracker/testimonial/vl-testimonial-thumb-sm-8.3.html]
[html.vikinglab.agency/saasi/assets/img/timetracker/banner/vl-cta-thumb8.1.html]
[html.vikinglab.agency/saasi/assets/img/timetracker/banner/vl-cta-thmb8.1.html]
[html.vikinglab.agency/saasi/assets/img/preloader/vl-preloader-1.9.html]
[html.vikinglab.agency/saasi/assets/img/logo/vl-lg9.1.html]
[html.vikinglab.agency/saasi/assets/img/salescrm/banner/vl-hero-bg-9.1.html]
[html.vikinglab.agency/saasi/assets/img/icon/vl-subtitile-bg-9.1.html]
[html.vikinglab.agency/saasi/assets/img/salescrm/banner/vl-subtitle-herobg-9.1.html]
[html.vikinglab.agency/saasi/assets/img/icon/vl-logo-icon-9.1.html]
[html.vikinglab.agency/saasi/assets/img/icon/vl-logo-icon-9.2.html]
[html.vikinglab.agency/saasi/assets/img/icon/vl-logo-icon-9.3.html]
[html.vikinglab.agency/saasi/assets/img/icon/vl-logo-icon-9.4.html]
[html.vikinglab.agency/saasi/assets/img/icon/vl-logo-icon-9.5.html]
[html.vikinglab.agency/saasi/assets/img/salescrm/banner/vl-banner-thumb9.1.html]
[html.vikinglab.agency/saasi/assets/img/icon/vl-tab-icon9.1.html]
[html.vikinglab.agency/saasi/assets/img/icon/vl-tab-icon9.2.html]
[html.vikinglab.agency/saasi/assets/img/salescrm/work/vl-work-thumb9.1.html]
[html.vikinglab.agency/saasi/assets/img/salescrm/service/vl-service-thumb9.1.html]
[html.vikinglab.agency/saasi/assets/img/salescrm/service/vl-service-thumb9.2.html]
[html.vikinglab.agency/saasi/assets/img/salescrm/service/vl-ser-group-thumb9.1.html]
[html.vikinglab.agency/saasi/assets/img/salescrm/service/vl-service-thumb9.3.html]
[html.vikinglab.agency/saasi/assets/img/salescrm/company/vl-company-logo9.1.html]
[html.vikinglab.agency/saasi/assets/img/salescrm/company/vl-company-logo9.2.html]
[html.vikinglab.agency/saasi/assets/img/icon/vl-counter-ic9.1.html]
[html.vikinglab.agency/saasi/assets/img/icon/vl-counter-ic9.2.html]
[html.vikinglab.agency/saasi/assets/img/salescrm/banner/vl-cta-bg9.1.html]
[html.vikinglab.agency/saasi/assets/img/salescrm/cta/vl-cta-shape9.1.html]
[html.vikinglab.agency/saasi/assets/img/salescrm/cta/vl-cta-shape9.2.html]
[html.vikinglab.agency/saasi/assets/img/salescrm/banner/vl-cta-app9.1.html]
[html.vikinglab.agency/saasi/assets/img/salescrm/banner/vl-micro-9.1.html]
[html.vikinglab.agency/saasi/assets/img/logo/vl-logo9.1.html]
[html.vikinglab.agency/saasi/assets/img/preloader/vl-preloader-1.10.html]
[html.vikinglab.agency/saasi/assets/img/logo/vl-logo10.1.html]
[html.vikinglab.agency/saasi/assets/img/calendar/banner/vl-hero-bg10.1.html]
[html.vikinglab.agency/saasi/assets/img/calendar/banner/vl-title-bg-10.html]
[html.vikinglab.agency/saasi/assets/img/calendar/banner/vl-banner-thumb10.1.html]
[html.vikinglab.agency/saasi/assets/img/calendar/banner/vl-cloud-bg-10.1.html]
[html.vikinglab.agency/saasi/assets/img/calendar/banner/vl-tab-thumb10.1.html]
[html.vikinglab.agency/saasi/assets/img/calendar/service/vl-service-bg-10.1.html]
[html.vikinglab.agency/saasi/assets/img/icon/vl-service-icon10.1.html]
[html.vikinglab.agency/saasi/assets/img/calendar/service/vl-service-thumb10.1.html]
[html.vikinglab.agency/saasi/assets/img/icon/vl-service-icon10.2.html]
[html.vikinglab.agency/saasi/assets/img/calendar/service/vl-service-thumb10.2.html]
[html.vikinglab.agency/saasi/assets/img/icon/vl-service-icon10.3.html]
[html.vikinglab.agency/saasi/assets/img/calendar/service/vl-service-thumb10.3.html]
[html.vikinglab.agency/saasi/assets/img/calendar/banner/vl-service-bg2.html]
[html.vikinglab.agency/saasi/assets/img/icon/vl-service-icon10.4.html]
[html.vikinglab.agency/saasi/assets/img/calendar/service/vl-service-thmb10.1.html]
[html.vikinglab.agency/saasi/assets/img/calendar/service/vl-servi-sm1.1.html]
[html.vikinglab.agency/saasi/assets/img/calendar/banner/vl-servic-shap2.html]
[html.vikinglab.agency/saasi/assets/img/shape/vl-work-shape10.1.html]
[html.vikinglab.agency/saasi/assets/img/icon/vl-search-10.1.html]
[html.vikinglab.agency/saasi/assets/img/calendar/banner/vl-work-bg10.1.html]
[html.vikinglab.agency/saasi/assets/img/calendar/banner/vl-social10.1.html]
[html.vikinglab.agency/saasi/assets/img/calendar/banner/vl-cloud10.1.html]
[html.vikinglab.agency/saasi/assets/img/calendar/banner/vl-white-blur10.1.html]
[html.vikinglab.agency/saasi/assets/img/calendar/blog/vl-blog10.1.html]
[html.vikinglab.agency/saasi/assets/img/calendar/blog/vl-blog10.2.html]
[html.vikinglab.agency/saasi/assets/img/calendar/blog/vl-blog10.3.html]
[html.vikinglab.agency/saasi/assets/img/calendar/banner/vl-cta-thumb10.1.html]
[html.vikinglab.agency/saasi/assets/img/hrmanagement/bredcrumb/vl-bredcrumb-bg-1.1.html]
[html.vikinglab.agency/saasi/assets/img/hrmanagement/about/vl-about-inner-thumb1.1.html]
[html.vikinglab.agency/saasi/assets/img/hrmanagement/about/vl-about-sm-thumb-inner1.1.html]
[html.vikinglab.agency/saasi/assets/img/hrmanagement/about/vl-about-sm-thumb-inner1.2.html]
[html.vikinglab.agency/saasi/assets/img/hrmanagement/about/vl-start-shape-inner1.1.html]
[html.vikinglab.agency/saasi/assets/img/hrmanagement/about/vl-company-inner-bg1.1.html]
[html.vikinglab.agency/saasi/assets/img/hrmanagement/about/vl-about-text-1.1.html]
[html.vikinglab.agency/saasi/assets/img/icon/vl-arrow-right-inner-1.1.html]
[html.vikinglab.agency/saasi/assets/img/hrmanagement/about/vl-company-inner1.1.html]
[html.vikinglab.agency/saasi/assets/img/hrmanagement/about/vl-company-inner1.2.html]
[html.vikinglab.agency/saasi/assets/img/brand/vl-brand-inner2.1.html]
[html.vikinglab.agency/saasi/assets/img/brand/vl-brand-inner2.2.html]
[html.vikinglab.agency/saasi/assets/img/brand/vl-brand-inner2.3.html]
[html.vikinglab.agency/saasi/assets/img/brand/vl-brand-inner2.4.html]
[html.vikinglab.agency/saasi/assets/img/brand/vl-brand-inner2.5.html]
[html.vikinglab.agency/saasi/assets/img/hrmanagement/team/vl-team-inner1.1.html]
[html.vikinglab.agency/saasi/assets/img/hrmanagement/team/vl-team-inner1.2.html]
[html.vikinglab.agency/saasi/assets/img/hrmanagement/team/vl-team-inner1.3.html]
[html.vikinglab.agency/saasi/assets/img/hrmanagement/team/vl-team-inner1.4.html]
[html.vikinglab.agency/saasi/assets/img/hrmanagement/team/vl-team-inner1.5.html]
[html.vikinglab.agency/saasi/assets/img/hrmanagement/feature/vl-feature-thumb-inner1.1.html]
[html.vikinglab.agency/saasi/assets/img/icon/vl-feature-ch-ic-inner1.1.html]
[html.vikinglab.agency/saasi/assets/img/hrmanagement/feature/vl-sticky-bg5.1.html]
[html.vikinglab.agency/saasi/assets/img/hrmanagement/feature/vl-feature-thumb-innr1.1.html]
[html.vikinglab.agency/saasi/assets/img/hrmanagement/feature/vl-feature-thumb-innr1.2.html]
[html.vikinglab.agency/saasi/assets/img/hrmanagement/feature/vl-feature-thumb-innr1.3.html]
[html.vikinglab.agency/saasi/assets/img/icon/vl-feature-servic-in1.1.html]
[html.vikinglab.agency/saasi/assets/img/hrmanagement/feature/vl-feature-innrbg1.1.html]
[html.vikinglab.agency/saasi/assets/img/hrmanagement/feature/vl-feature-thumb-inner1.2.html]
[html.vikinglab.agency/saasi/assets/img/icon/vl-pricing-check-iner1.html]
[html.vikinglab.agency/saasi/assets/img/hrmanagement/service/pricing-bg.html]
[html.vikinglab.agency/saasi/assets/img/icon/vl-pricing-check-iner12.html]
[html.vikinglab.agency/saasi/assets/img/hrmanagement/bredcrumb/vl-blur-bg-inner.html]
[html.vikinglab.agency/saasi/assets/img/hrmanagement/blog/vl-blog-inner-1.1.html]
[html.vikinglab.agency/saasi/assets/img/hrmanagement/blog/vl-blog-inner-1.2.html]
[html.vikinglab.agency/saasi/assets/img/hrmanagement/blog/vl-blog-inner-1.3.html]
[html.vikinglab.agency/saasi/assets/img/hrmanagement/blog/vl-blog-inner-1.4.html]
[html.vikinglab.agency/saasi/assets/img/hrmanagement/blog/vl-blog-inner-1.5.html]
[html.vikinglab.agency/saasi/assets/img/hrmanagement/blog/vl-blog-inner-1.6.html]
[html.vikinglab.agency/saasi/assets/img/hrmanagement/blog/vl-rec-blog-1.1.html]
[html.vikinglab.agency/saasi/assets/img/icon/vl-rec-date-icon1.1.html]
[html.vikinglab.agency/saasi/assets/img/hrmanagement/blog/vl-rec-blog-1.2.html]
[html.vikinglab.agency/saasi/assets/img/hrmanagement/blog/vl-rec-blog-1.3.html]
[html.vikinglab.agency/saasi/assets/img/hrmanagement/blog/vl-rec-blog-1.4.html]
[html.vikinglab.agency/saasi/assets/img/hrmanagement/blog/bl-blog-large-thumb1.1.html]
[html.vikinglab.agency/saasi/assets/img/icon/vl-blog-meta1.1.html]
[html.vikinglab.agency/saasi/assets/img/icon/vl-blog-meta1.2.html]
[html.vikinglab.agency/saasi/assets/img/icon/vl-blog-meta1.3.html]
[html.vikinglab.agency/saasi/assets/img/hrmanagement/blog/vl-blog-sm-thumb-1.1.html]
[html.vikinglab.agency/saasi/assets/img/hrmanagement/blog/vl-blog-sm-thumb-1.2.html]
[html.vikinglab.agency/saasi/assets/img/hrmanagement/blog/vl-blog-video-thumb1.1.html]
[html.vikinglab.agency/saasi/assets/img/hrmanagement/team/vl-comment-auth1.1.html]
[html.vikinglab.agency/saasi/assets/img/icon/vl-replay.html]
[html.vikinglab.agency/saasi/assets/img/hrmanagement/team/vl-comment-auth1.2.html]
[html.vikinglab.agency/saasi/assets/img/hrmanagement/team/vl-team-inner1.6.html]
[html.vikinglab.agency/saasi/assets/img/hrmanagement/feature/vl-social-group-inn12.html]
[html.vikinglab.agency/saasi/assets/img/icon/vl-dribble1.1.html]
[html.vikinglab.agency/saasi/assets/img/icon/vl-dribble1.2.html]
[html.vikinglab.agency/saasi/assets/img/icon/vl-dribble1.3.html]
[html.vikinglab.agency/saasi/assets/img/icon/vl-dribble1.4.html]
[html.vikinglab.agency/saasi/assets/img/icon/vl-dribble1.5.html]
[html.vikinglab.agency/saasi/assets/img/icon/vl-dribble1.6.html]
[html.vikinglab.agency/saasi/assets/img/icon/vl-dribble1.7.html]
[html.vikinglab.agency/saasi/assets/img/icon/vl-dribble1.8.html]
[html.vikinglab.agency/saasi/assets/img/icon/vl-dribble1.9.html]
[html.vikinglab.agency/saasi/assets/img/hrmanagement/tab/vl-tabbg-2.1.html]
[html.vikinglab.agency/saasi/assets/img/icon/vl-contact-icon1.1.html]
[html.vikinglab.agency/saasi/assets/img/icon/vl-contact-icon1.2.html]
[html.vikinglab.agency/saasi/assets/img/icon/vl-contact-icon1.3.html]
[html.vikinglab.agency/saasi/assets/img/hrmanagement/feature/vl-creat-thumb.html]
[html.vikinglab.agency/saasi/assets/img/icon/vl-usericon3.1.html]
[html.vikinglab.agency/saasi/assets/img/icon/vl-user3.2.html]
[html.vikinglab.agency/saasi/assets/img/icon/vl-lock3.1.html]
[html.vikinglab.agency/saasi/assets/img/icon/logingoogle.html]
[html.vikinglab.agency/saasi/assets/img/hrmanagement/testimonial/vl-test-inner1.1.html]
[html.vikinglab.agency/saasi/assets/img/hrmanagement/testimonial/vl-testimonial-auth-1.5.html]
[html.vikinglab.agency/saasi/assets/img/hrmanagement/testimonial/vl-testimonial-auth-1.6.html]
[html.vikinglab.agency/saasi/assets/img/hrmanagement/testimonial/vl-testimonial-auth-1.7.html]
[html.vikinglab.agency/saasi/assets/img/icon/vl-doc-check.html]
[html.vikinglab.agency/saasi/assets/img/hrmanagement/documentation/intobg.html]
[html.vikinglab.agency/saasi/assets/img/hrmanagement/documentation/emplyemanagement.html]
[html.vikinglab.agency/saasi/assets/img/hrmanagement/documentation/reporting.html]
[html.vikinglab.agency/saasi/assets/img/hrmanagement/documentation/integrations.html]
[html.vikinglab.agency/saasi/assets/img/hrmanagement/feature/404.html]
[html.vikinglab.agency/saasi/Version/index.html]
[html.vikinglab.agency/saasi/e.html]
[html.vikinglab.agency/saasi/t.params.html]
[html.vikinglab.agency/saasi/dist/index.html]
[html.vikinglab.agency/saasi/Trident/index.html]
[html.vikinglab.agency/saasi/Trident/index.html]
[html.vikinglab.agency/saasi/${url}.html]
